21:59:07 **** Incremental Build of configuration Debug for project Beta ****
make -j8 all 
arm-none-eabi-gcc "../Core/Src/main.c" -mcpu=cortex-m3 -std=gnu11 -g3 -DDEBUG -DUSE_HAL_DRIVER -DSTM32F103xB -c -I../Core/Inc -I../Drivers/STM32F1xx_HAL_Driver/Inc/Legacy -I../Drivers/STM32F1xx_HAL_Driver/Inc -I../Drivers/CMSIS/Device/ST/STM32F1xx/Include -I../Drivers/CMSIS/Include -O0 -ffunction-sections -fdata-sections -Wall -fstack-usage -fcyclomatic-complexity -MMD -MP -MF"Core/Src/main.d" -MT"Core/Src/main.o" --specs=nano.specs -mfloat-abi=soft -mthumb -o "Core/Src/main.o"
arm-none-eabi-gcc -o "Beta.elf" @"objects.list"   -mcpu=cortex-m3 -T"/home/cypher/Desktop/Deeptech/JuniorTask_Baremetal/Beta/STM32F103C8TX_FLASH.ld" --specs=nosys.specs -Wl,-Map="Beta.map" -Wl,--gc-sections -static --specs=nano.specs -mfloat-abi=soft -mthumb -Wl,--start-group -lc -lm -Wl,--end-group
Finished building target: Beta.elf
 
arm-none-eabi-size  Beta.elf 
arm-none-eabi-objdump -h -S Beta.elf  > "Beta.list"
   text	   data	    bss	    dec	    hex	filename
    740	      4	   1572	   2316	    90c	Beta.elf
Finished building: default.size.stdout
 
Finished building: Beta.list
 
